current directory: C:/Users/eduar/Desktop/Trabalho/WorkSpace/FitPlan-main/FitPlan-main/vendor/bundle/ruby/3.4.0/gems/puma-7.2.0/ext/puma_http11
C:/Ruby34-x64/bin/ruby.exe extconf.rb
checking for whether -fstack-protector-strong -D_FORTIFY_SOURCE=2 is accepted as CFLAGS... yes
checking for whether -fstack-protector-strong -l:libssp.a is accepted as LDFLAGS... yes
checking for -lssp... yes
checking for pkg-config for openssl... not found
checking for BIO_read() in -llibcrypto... no
checking for BIO_read() in -lcrypto... no
checking for BIO_read() in -llibeay32... no
** Puma will be compiled without SSL support
creating Makefile

current directory: C:/Users/eduar/Desktop/Trabalho/WorkSpace/FitPlan-main/FitPlan-main/vendor/bundle/ruby/3.4.0/gems/puma-7.2.0/ext/puma_http11
make DESTDIR\= sitearchdir\=./.gem.20260818-25956-z426jv sitelibdir\=./.gem.20260818-25956-z426jv clean

current directory: C:/Users/eduar/Desktop/Trabalho/WorkSpace/FitPlan-main/FitPlan-main/vendor/bundle/ruby/3.4.0/gems/puma-7.2.0/ext/puma_http11
make DESTDIR\= sitearchdir\=./.gem.20260818-25956-z426jv sitelibdir\=./.gem.20260818-25956-z426jv
generating puma_http11-x64-mingw-ucrt.def
compiling http11_parser.c
compiling mini_ssl.c
compiling puma_http11.c
linking shared-object puma/puma_http11.so

current directory: C:/Users/eduar/Desktop/Trabalho/WorkSpace/FitPlan-main/FitPlan-main/vendor/bundle/ruby/3.4.0/gems/puma-7.2.0/ext/puma_http11
make DESTDIR\= sitearchdir\=./.gem.20260818-25956-z426jv sitelibdir\=./.gem.20260818-25956-z426jv install
/usr/bin/install -c -m 0755 puma_http11.so ./.gem.20260818-25956-z426jv/puma

current directory: C:/Users/eduar/Desktop/Trabalho/WorkSpace/FitPlan-main/FitPlan-main/vendor/bundle/ruby/3.4.0/gems/puma-7.2.0/ext/puma_http11
make DESTDIR\= sitearchdir\=./.gem.20260818-25956-z426jv sitelibdir\=./.gem.20260818-25956-z426jv clean
